    Updating crates.io index
     Locking 23 packages to latest compatible versions
   Compiling proc-macro2 v1.0.107
   Compiling unicode-ident v1.0.26
   Compiling quote v1.0.47
   Compiling wasm-bindgen-shared v0.2.129
   Compiling serde_core v1.0.229
   Compiling rustversion v1.0.23
   Compiling zmij v1.0.23
   Compiling serde v1.0.229
   Compiling thiserror v2.0.21
   Compiling serde_json v1.0.151
   Compiling memchr v2.8.3
   Compiling bumpalo v3.20.3
   Compiling itoa v1.0.18
   Compiling cfg-if v1.0.5
   Compiling once_cell v1.21.4
   Compiling wasm-bindgen v0.2.129
   Compiling syn v3.0.6
   Compiling wasm-bindgen-macro-support v0.2.129
   Compiling serde_derive v1.0.229
   Compiling thiserror-impl v2.0.21
   Compiling wasm-bindgen-macro v0.2.129
   Compiling phonetics-rs v0.3.1
   Compiling open-english-pronouncing-dictionary v0.1.0
   Compiling madgab v0.1.0 (/workspace/madgab-d4a90b)
    Finished `release` profile [optimized] target(s) in 25.93s
