 1. [0.913] wreck again i this peach
 2. [0.913] wreck again i this' peach
 3. [0.913] wreck again i. this peach
 4. [0.913] wreck again i. this' peach
 5. [0.912] rec again i this peach
 6. [0.912] rec again i this' peach
 7. [0.912] rec again i. this peach
 8. [0.912] rec again i. this' peach
 9. [0.912] reckon i this peach
10. [0.912] reckon i this' peach
11. [0.912] reckon i. this peach
12. [0.912] reckon i. this' peach
13. [0.910] wreck again i this pitch
14. [0.910] wreck again i this' pitch
15. [0.910] wreck again i. this pitch
16. [0.910] wreck again i. this' pitch
17. [0.909] reckon i this pitch
18. [0.909] reckon i this' pitch
19. [0.909] reckon i. this pitch
20. [0.909] reckon i. this' pitch
