 1. [0.907] it justice two today mm
 2. [0.906] it justice to today mm
 3. [0.906] it justice too today mm
 4. [0.905] it justice two pad aim
 5. [0.904] it justice to pad aim
 6. [0.904] it justice two today me
 7. [0.904] it justice too pad aim
 8. [0.903] it justice to today me
 9. [0.903] it justice too today me
10. [0.902] it justice two peg aim
11. [0.902] it justice to peg aim
12. [0.901] it justice too peg aim
13. [0.901] it justice two pug aim
14. [0.901] it justice two today am
15. [0.901] it justice two pag aim
16. [0.900] it justice two bad aim
17. [0.900] it justice two ped aim
18. [0.900] it justice two up endgame
19. [0.900] it justice to pug aim
20. [0.900] it justice to today am
