 1. [0.890] very nope lay sly at-home
 2. [0.888] very than ope lay sly at-home
 3. [0.887] very nope lay fly at-home
 4. [0.887] very then ope lay sly at-home
 5. [0.885] very new play sly at-home
 6. [0.885] very nope lay sly comb
 7. [0.884] very know lay sly at-home
 8. [0.884] very nope lei sly at-home
 9. [0.884] their nope lay sly at-home
10. [0.883] very nope all a. sly at-home
11. [0.883] very than ope lay fly at-home
12. [0.883] very nope ley sly at-home
13. [0.883] very then ope lay fly at-home
14. [0.883] very than ope lay sly comb
15. [0.883] very nope lay sly holm
16. [0.883] very then ope lay sly comb
17. [0.882] very than ope lei sly at-home
18. [0.882] very nope lay fly comb
19. [0.882] very new play fly at-home
20. [0.882] very then ope lei sly at-home
