 1. [0.893] congrats a lace an non-u per a motion
 2. [0.892] congrats a laces non-u per a motion
 3. [0.891] congrats a lace an th'are knee or per a motion
 4. [0.891] congrats a lay son non-u per a motion
 5. [0.891] congrats a lace a non-u per a motion
 6. [0.890] congrats a lay san non-u per a motion
 7. [0.889] congrats a lay sun non-u per a motion
 8. [0.889] congrats a lay son th'are knee or per a motion
 9. [0.889] congrats a laces th'are knee or per a motion
10. [0.889] congrats a lay shh an th'are knee or per a motion
11. [0.888] congrats a listen non-u per a motion
12. [0.887] congrats a lace an non-u earp ram ocean
13. [0.887] congrats a race an non-u per a motion
14. [0.887] congrats a lace an non-u earp are a motion
15. [0.886] congrats a lace an non-u earp or a motion
16. [0.886] congrats a lace an th'are knee or per a mm ocean
17. [0.886] congrats a lace an th'are knee or ram ocean
18. [0.885] congrats a lay son non-u earp ram ocean
19. [0.885] congrats a race a non-u per a motion
20. [0.885] congrats a lace a non-u earp ram ocean
