 1. [0.854] mice a. every colour blew
 2. [0.853] man if avery colour blew
 3. [0.853] mice avery colour blew
 4. [0.852] mice a. every calorie blew
 5. [0.851] mm a if avery colour blew
 6. [0.851] man if avery calorie blew
 7. [0.850] mm i if avery colour blew
 8. [0.850] mm i. if avery colour blew
 9. [0.850] knife a. every colour blew
10. [0.850] mm a if avery calorie blew
11. [0.849] knife avery colour blew
12. [0.849] mice a. ever it ellery blew
13. [0.849] mice a. ever it colour blew
14. [0.849] mice a. every colour bleu
15. [0.848] mice avery took a lived lou
16. [0.849] man if avery colour bleu
17. [0.848] nice avery colour blew
18. [0.848] mice a. ever it calories lou
19. [0.848] mm i if avery calorie blew
20. [0.848] mm i. if avery calorie blew
