 1. [0.932] in sure an see unimportant
 2. [0.932] in. sure an see unimportant
 3. [0.929] in sure an she unimportant
 4. [0.929] in. sure an she unimportant
 5. [0.927] in sure an see zim port and
 6. [0.927] in. sure an see zim port and
 7. [0.925] in sure an she zim port and
 8. [0.925] in sure in see unimportant
 9. [0.925] in. sure an she zim port and
10. [0.925] in sure in. see unimportant
11. [0.925] in. sure in see unimportant
12. [0.925] in. sure in. see unimportant
13. [0.923] in sure an sea unimportant
14. [0.923] in sure and see unimportant
15. [0.923] in sure as see unimportant
16. [0.923] in sure an see zim port a not
17. [0.923] in. sure an sea unimportant
18. [0.923] in sure in she unimportant
19. [0.923] in. sure and see unimportant
20. [0.923] in. sure an see zim port a not
